Java HotSpot(TM) 64-Bit Server VM (25.191-b12) for bsd-amd64 JRE (1.8.0_191-b12), built on Oct  6 2018 08:37:07 by "java_re" with gcc 4.2.1 (Based on Apple Inc. build 5658) (LLVM build 2336.11.00)
Memory: 4k page, physical 16777216k(893140k free)

/proc/meminfo:

CommandLine flags: -XX:CompressedClassSpaceSize=260046848 -XX:GCLogFileSize=3145728 -XX:InitialHeapSize=1366294528 -XX:MaxHeapSize=1366294528 -XX:MaxMetaspaceSize=268435456 -XX:MetaspaceSize=100663296 -XX:NumberOfGCLogFiles=5 -XX:+PrintGC -XX:+PrintGCDateStamps -XX:+PrintGCDetails -XX:+PrintGCTimeStamps -XX:-TraceClassUnloading -XX:+UseCompressedClassPointers -XX:+UseCompressedOops -XX:+UseGCLogFileRotation -XX:+UseParallelGC 
2021-05-26T17:07:21.544+0300: 1.397: [GC (Allocation Failure) [PSYoungGen: 334336K->21053K(389632K)] 334336K->21069K(1280000K), 0.0134183 secs] [Times: user=0.06 sys=0.01, real=0.01 secs] 
2021-05-26T17:07:22.489+0300: 2.343: [GC (Allocation Failure) [PSYoungGen: 355389K->40431K(389632K)] 355405K->40463K(1280000K), 0.0317178 secs] [Times: user=0.13 sys=0.03, real=0.04 secs] 
2021-05-26T17:07:54.665+0300: 34.518: [GC (Metadata GC Threshold) [PSYoungGen: 346551K->55295K(389632K)] 346583K->83378K(1280000K), 0.0429951 secs] [Times: user=0.14 sys=0.03, real=0.04 secs] 
2021-05-26T17:07:54.708+0300: 34.562: [Full GC (Metadata GC Threshold) [PSYoungGen: 55295K->0K(389632K)] [ParOldGen: 28083K->80648K(890368K)] 83378K->80648K(1280000K), [Metaspace: 89915K->89810K(1132544K)], 0.1057465 secs] [Times: user=0.55 sys=0.04, real=0.11 secs] 
2021-05-26T17:07:57.564+0300: 37.418: [GC (Allocation Failure) [PSYoungGen: 334336K->47743K(389632K)] 414984K->128422K(1280000K), 0.0222361 secs] [Times: user=0.10 sys=0.00, real=0.02 secs] 
2021-05-26T17:07:59.295+0300: 39.148: [GC (Allocation Failure) [PSYoungGen: 382079K->29887K(364544K)] 462758K->110574K(1254912K), 0.0122523 secs] [Times: user=0.07 sys=0.00, real=0.01 secs] 
2021-05-26T17:08:01.172+0300: 41.025: [GC (Metadata GC Threshold) [PSYoungGen: 207292K->36539K(368640K)] 287979K->117242K(1259008K), 0.0161307 secs] [Times: user=0.09 sys=0.00, real=0.01 secs] 
2021-05-26T17:08:01.188+0300: 41.041: [Full GC (Metadata GC Threshold) [PSYoungGen: 36539K->0K(368640K)] [ParOldGen: 80703K->75550K(890368K)] 117242K->75550K(1259008K), [Metaspace: 150018K->149371K(1189888K)], 0.1966909 secs] [Times: user=0.94 sys=0.00, real=0.20 secs] 
2021-05-26T17:47:05.400+0300: 2385.128: [GC (Allocation Failure) [PSYoungGen: 288256K->4311K(364544K)] 363806K->79869K(1254912K), 0.0810608 secs] [Times: user=0.23 sys=0.28, real=0.08 secs] 
2021-05-26T18:49:04.953+0300: 6104.586: [GC (Allocation Failure) [PSYoungGen: 292567K->1472K(360448K)] 368125K->77030K(1250816K), 0.0667716 secs] [Times: user=0.29 sys=0.17, real=0.07 secs] 
2021-05-26T21:14:00.803+0300: 9725.180: [GC (Allocation Failure) [PSYoungGen: 281536K->1632K(282112K)] 357094K->77190K(1172480K), 0.0677876 secs] [Times: user=0.29 sys=0.17, real=0.07 secs] 
2021-05-27T09:24:03.562+0300: 13333.665: [GC (Allocation Failure) [PSYoungGen: 281696K->1696K(362496K)] 357254K->77262K(1252864K), 0.1471835 secs] [Times: user=0.76 sys=0.18, real=0.14 secs] 
2021-05-27T10:24:41.797+0300: 16971.824: [GC (Allocation Failure) [PSYoungGen: 281248K->1712K(361984K)] 356814K->77286K(1252352K), 0.0687841 secs] [Times: user=0.29 sys=0.17, real=0.07 secs] 
Heap
 PSYoungGen      total 361984K, used 205976K [0x00000007d5580000, 0x00000007f0800000, 0x00000007f0800000)
  eden space 279552K, 73% used [0x00000007d5580000,0x00000007e1cfa0c0,0x00000007e6680000)
  from space 82432K, 2% used [0x00000007e6680000,0x00000007e682c020,0x00000007eb700000)
  to   space 81408K, 0% used [0x00000007eb880000,0x00000007eb880000,0x00000007f0800000)
 ParOldGen       total 890368K, used 75574K [0x000000079f000000, 0x00000007d5580000, 0x00000007d5580000)
  object space 890368K, 8% used [0x000000079f000000,0x00000007a39cda20,0x00000007d5580000)
 Metaspace       used 153907K, capacity 166946K, committed 168192K, reserved 1193984K
  class space    used 20430K, capacity 23997K, committed 24320K, reserved 1048576K
